[backblue.gif]
[fade.gif]
[index.html]
[tahsinscreation.com/mysite/experta/images/favicon.ico]
[tahsinscreation.com/mysite/experta/js/respond.js]
[d36mw5gp02ykm5.cloudfront.net/yc/adrns_y75e9.js]
[tahsinscreation.com/mysite/experta/images/logo.png]
[tahsinscreation.com/mysite/experta/images/about.jpg]
[tahsinscreation.com/mysite/experta/images/portfolio/img1.jpg]
[tahsinscreation.com/mysite/experta/images/portfolio/img2.jpg]
[tahsinscreation.com/mysite/experta/images/portfolio/img3.jpg]
[tahsinscreation.com/mysite/experta/images/portfolio/img4.jpg]
[tahsinscreation.com/mysite/experta/images/portfolio/img5.jpg]
[tahsinscreation.com/mysite/experta/images/portfolio/img6.jpg]
[tahsinscreation.com/mysite/experta/images/blog/blog-img1.jpg]
[tahsinscreation.com/mysite/experta/images/blog/blog-img2.jpg]
[tahsinscreation.com/mysite/experta/images/blog/blog-img3.jpg]
[tahsinscreation.com/mysite/experta/images/client/img1.jpg]
[tahsinscreation.com/mysite/experta/images/client/img2.jpg]
[tahsinscreation.com/mysite/experta/images/client/img3.jpg]
[tahsinscreation.com/mysite/experta/js/jquery-2.2.4.min.js]
[tahsinscreation.com/mysite/experta/js/particles.min.js]
[tahsinscreation.com/mysite/experta/js/jquery.slicknav.min.js]
[tahsinscreation.com/mysite/experta/js/owl.carousel.min.js]
[tahsinscreation.com/mysite/experta/js/mixitup.min.js]
[tahsinscreation.com/mysite/experta/js/bootstrap.min.js]
[tahsinscreation.com/mysite/experta/js/typed.js]
[tahsinscreation.com/mysite/experta/js/lightbox.js]
[tahsinscreation.com/mysite/experta/js/particlesReset.js]
[tahsinscreation.com/mysite/experta/js/jquery.waypoints.min.js]
[tahsinscreation.com/mysite/experta/js/jquery.stellar.min.js]
[tahsinscreation.com/mysite/experta/js/jquery.singlePageNav.min.js]
[tahsinscreation.com/mysite/experta/js/main.js]
[tahsinscreation.com/mysite/experta/index-particle.html]
[tahsinscreation.com/mysite/experta/fonts/glyphicons-halflings-regular.eot]
[tahsinscreation.com/mysite/experta/fonts/glyphicons-halflings-regulard41d.eot]
[tahsinscreation.com/mysite/experta/fonts/glyphicons-halflings-regular.woff]
[tahsinscreation.com/mysite/experta/fonts/glyphicons-halflings-regular.ttf]
[tahsinscreation.com/mysite/experta/css/bootstrap.min.css]
[tahsinscreation.com/mysite/experta/fonts/fontawesome-webfont3e6e.eot]
[tahsinscreation.com/mysite/experta/fonts/fontawesome-webfontd41d.eot]
[tahsinscreation.com/mysite/experta/fonts/fontawesome-webfont3e6e.woff]
[tahsinscreation.com/mysite/experta/fonts/fontawesome-webfont3e6e.ttf]
[tahsinscreation.com/mysite/experta/css/font-awesome.min.css]
[tahsinscreation.com/mysite/experta/images/close.png]
[tahsinscreation.com/mysite/experta/images/loading.gif]
[tahsinscreation.com/mysite/experta/images/prev.png]
[tahsinscreation.com/mysite/experta/images/next.png]
[tahsinscreation.com/mysite/experta/css/lightbox.css]
[tahsinscreation.com/mysite/experta/css/owl.carousel.css]
[tahsinscreation.com/mysite/experta/css/owl.theme.css]
[tahsinscreation.com/mysite/experta/css/slicknav.min.css]
[tahsinscreation.com/mysite/experta/css/reset.css]
[tahsinscreation.com/mysite/experta/images/particleBg.jpg]
[tahsinscreation.com/mysite/experta/images/imgBg.jpg]
[tahsinscreation.com/mysite/experta/images/experience-bg.jpg]
[tahsinscreation.com/mysite/experta/images/testimonial-bg.jpg]
[tahsinscreation.com/mysite/experta/css/style.css]
[tahsinscreation.com/mysite/experta/css/responsive.css]
[tahsinscreation.com/mysite/experta/css/animate.min.css]
[tahsinscreation.com/mysite/experta/images/preview/img1.jpg]
[tahsinscreation.com/mysite/experta/images/preview/img2.jpg]
[tahsinscreation.com/mysite/experta/js/preview.js]
[tahsinscreation.com/mysite/experta/index.html]
[tahsinscreation.com/mysite/experta/fonts/glyphicons-halflings-regular.html]
[tahsinscreation.com/mysite/experta/fonts/glyphicons-halflings-regular.svg]
[tahsinscreation.com/mysite/experta/fonts/fontawesome-webfont3e6e.html]
[tahsinscreation.com/mysite/experta/fonts/fontawesome-webfont3e6e.svg]
[tahsinscreation.com/mysite/experta/css/grabbing.html]
[tahsinscreation.com/mysite/experta/css/AjaxLoader.html]
[tahsinscreation.com/mysite/experta/css/preview.css]
[tahsinscreation.com/mysite/experta/index-image.html]
